
> build
> npm run build:frontend


> build:frontend
> npm run build --prefix frontend


> gyms_web@0.0.0 build
> vite build

[36mrolldown-vite v7.2.5 [32mbuilding client environment for production...[36m[39m
[2K
transforming...Γ£ô 3142 modules transformed.
rendering chunks...
computing gzip size...
dist/index.html                                      2.64 kB Γöé gzip:   1.14 kB
dist/assets/index-az7EbhOm.css                     219.39 kB Γöé gzip:  27.23 kB
dist/assets/browser-image-compression-DETuArgT.js    0.08 kB Γöé gzip:   0.09 kB
dist/assets/check-BCTS1Ptw.js                        0.11 kB Γöé gzip:   0.13 kB
dist/assets/chevron-left-DqgJ6BfM.js                 0.12 kB Γöé gzip:   0.13 kB
dist/assets/chevron-right-mbvlQ2Nx.js                0.12 kB Γöé gzip:   0.13 kB
dist/assets/arrow-left-DoLPpclF.js                   0.15 kB Γöé gzip:   0.15 kB
dist/assets/clock-BJ17twZZ.js                        0.15 kB Γöé gzip:   0.16 kB
dist/assets/search-D0PDlsTE.js                       0.16 kB Γöé gzip:   0.16 kB
dist/assets/trending-up-Bc4sZZp0.js                  0.16 kB Γöé gzip:   0.16 kB
dist/assets/circle-check-big-CScHHwyg.js             0.18 kB Γöé gzip:   0.17 kB
dist/assets/user-DGzO5dAy.js                         0.18 kB Γöé gzip:   0.17 kB
dist/assets/circle-x-CzG2B3DN.js                     0.19 kB Γöé gzip:   0.17 kB
dist/assets/credit-card-q933EEPP.js                  0.19 kB Γöé gzip:   0.18 kB
dist/assets/mail-B0Jf65tj.js                         0.20 kB Γöé gzip:   0.19 kB
dist/assets/download-DtG_kzpK.js                     0.22 kB Γöé gzip:   0.18 kB
dist/assets/message-square-Bv4sOLym.js               0.22 kB Γöé gzip:   0.19 kB
dist/assets/activity-D2b3dm61.js                     0.22 kB Γöé gzip:   0.19 kB
dist/assets/pen-BH1VYxfK.js                          0.22 kB Γöé gzip:   0.19 kB
dist/assets/circle-alert-DqTtu0VM.js                 0.24 kB Γöé gzip:   0.18 kB
dist/assets/chart-column-Bywnxa8r.js                 0.24 kB Γöé gzip:   0.18 kB
dist/assets/eye-WlTseZF5.js                          0.24 kB Γöé gzip:   0.19 kB
dist/assets/table-C-MDgdFp.js                        0.24 kB Γöé gzip:   0.19 kB
dist/assets/calendar-DULXlj86.js                     0.24 kB Γöé gzip:   0.19 kB
dist/assets/map-pin-DoJSEs1k.js                      0.24 kB Γöé gzip:   0.21 kB
dist/assets/shield-29VcXnNe.js                       0.26 kB Γöé gzip:   0.21 kB
dist/assets/pencil-CuBg_SMG.js                       0.26 kB Γöé gzip:   0.21 kB
dist/assets/typeof-CIuy42ie.js                       0.27 kB Γöé gzip:   0.16 kB
dist/assets/send-vMqFdIT5.js                         0.28 kB Γöé gzip:   0.22 kB
dist/assets/list-DIpeHSBQ.js                         0.29 kB Γöé gzip:   0.18 kB
dist/assets/printer-CYxv0Z4O.js                      0.30 kB Γöé gzip:   0.22 kB
dist/assets/refresh-ccw-DSnCxrxI.js                  0.31 kB Γöé gzip:   0.21 kB
dist/assets/refresh-cw-CTUGj__Q.js                   0.31 kB Γöé gzip:   0.21 kB
dist/assets/phone-CxMutYFW.js                        0.31 kB Γöé gzip:   0.22 kB
dist/assets/square-vJ4_pP_g.js                       0.31 kB Γöé gzip:   0.24 kB
dist/assets/save-BdhmZmWl.js                         0.31 kB Γöé gzip:   0.21 kB
dist/assets/trash-2-zq5PAg-V.js                      0.31 kB Γöé gzip:   0.20 kB
dist/assets/scale-D3EahRVZ.js                        0.32 kB Γöé gzip:   0.21 kB
dist/assets/saveUserAddress-Cw0AlqW7.js              0.32 kB Γöé gzip:   0.26 kB
dist/assets/layout-grid-N5RsXBhU.js                  0.33 kB Γöé gzip:   0.19 kB
dist/assets/locationUtils-BBsQxe5t.js                0.33 kB Γöé gzip:   0.22 kB
dist/assets/file-text-GsFju0-e.js                    0.37 kB Γöé gzip:   0.24 kB
dist/assets/eye-off-SL3wD0t6.js                      0.42 kB Γöé gzip:   0.26 kB
dist/assets/house-ivqoXBFz.js                        0.52 kB Γöé gzip:   0.31 kB
dist/assets/dumbbell-C6Bjb8-s.js                     0.55 kB Γöé gzip:   0.29 kB
dist/assets/ProductSwiper-Cfg8KkBs.js                1.08 kB Γöé gzip:   0.62 kB
dist/assets/TrainerSwiper-C8UB_KTh.js                1.09 kB Γöé gzip:   0.62 kB
dist/assets/ServicesSwiper-CvGqhVVV.js               1.10 kB Γöé gzip:   0.64 kB
dist/assets/FacilitiesSwiper-BZi4fwSr.js             1.11 kB Γöé gzip:   0.65 kB
dist/assets/TrainersDetails-DpzuE93e.js              1.29 kB Γöé gzip:   0.60 kB
dist/assets/Trainers-BzR3tEJd.js                     1.32 kB Γöé gzip:   0.76 kB
dist/assets/PageHeader-BNajt22q.js                   1.35 kB Γöé gzip:   0.67 kB
dist/assets/TrainersCard-D-8kcLRQ.js                 1.50 kB Γöé gzip:   0.72 kB
dist/assets/fi-C8PtDo2p.js                           1.55 kB Γöé gzip:   0.48 kB
dist/assets/Services-BIUxKDWX.js                     1.62 kB Γöé gzip:   0.88 kB
dist/assets/Products-BoP5AG1M.js                     1.78 kB Γöé gzip:   0.94 kB
dist/assets/PricingCard-04slf05j.js                  1.79 kB Γöé gzip:   0.86 kB
dist/assets/PricingSwiper-D5crZUu-.js                1.88 kB Γöé gzip:   0.99 kB
dist/assets/Facilities-BP6-Kcnx.js                   2.15 kB Γöé gzip:   1.06 kB
dist/assets/ServicesCard-DH0tCoDx.js                 2.17 kB Γöé gzip:   1.00 kB
dist/assets/FacilityCard-BAYT2ad-.js                 2.41 kB Γöé gzip:   0.85 kB
dist/assets/AddStock-OkCeUJxy.js                     2.52 kB Γöé gzip:   1.13 kB
dist/assets/PublicProductOffers-DxH0m-Hn.js          2.54 kB Γöé gzip:   1.24 kB
dist/assets/ProductDetail-DwpB9Xt-.js                2.61 kB Γöé gzip:   1.07 kB
dist/assets/Pricing-DmudeA5z.js                      3.02 kB Γöé gzip:   1.38 kB
dist/assets/ClassesTable-D9dIqu_3.js                 3.11 kB Γöé gzip:   1.50 kB
dist/assets/Settings-CPa09pI3.js                     3.31 kB Γöé gzip:   1.19 kB
dist/assets/ProductsCard-CYptAnYW.js                 3.34 kB Γöé gzip:   1.40 kB
dist/assets/FacilityDetail-DJ7mQd_J.js               3.55 kB Γöé gzip:   1.32 kB
dist/assets/servicesAll-CMD5lVr-.js                  4.01 kB Γöé gzip:   1.55 kB
dist/assets/AddService-CPJ7IYNl.js                   4.51 kB Γöé gzip:   1.85 kB
dist/assets/ServicesDetails-BmKeQY8c.js              4.61 kB Γöé gzip:   1.53 kB
dist/assets/AddEquipments-LfMbKpU-.js                4.75 kB Γöé gzip:   1.68 kB
dist/assets/ProfileSettings-soAjd4dg.js              5.00 kB Γöé gzip:   1.61 kB
dist/assets/Stockdetails-DVrdlUiX.js                 5.05 kB Γöé gzip:   1.59 kB
dist/assets/Login-BqS9KYwR.js                        5.08 kB Γöé gzip:   1.90 kB
dist/assets/BuyPlan-Bvft07c9.js                      5.29 kB Γöé gzip:   2.13 kB
dist/assets/Register-B5tRiRdm.js                     5.32 kB Γöé gzip:   1.68 kB
dist/assets/Addfecilities-DaYEI2iB.js                6.00 kB Γöé gzip:   2.26 kB
dist/assets/Cart-D7hpE-4G.js                         6.10 kB Γöé gzip:   2.04 kB
dist/assets/PublicOffers-DhEvO_Fe.js                 6.20 kB Γöé gzip:   2.39 kB
dist/assets/Contact-CPgw95cs.js                      6.69 kB Γöé gzip:   1.74 kB
dist/assets/ViewStaff-CT2izsOf.js                    6.95 kB Γöé gzip:   2.27 kB
dist/assets/SessionTracking-g-SqQNTk.js              6.97 kB Γöé gzip:   2.33 kB
dist/assets/Reports-VGFdrX-H.js                      7.31 kB Γöé gzip:   2.16 kB
dist/assets/AddPlans-BSgauxxq.js                     7.41 kB Γöé gzip:   2.83 kB
dist/assets/Fecilitiesall-BFNLYen3.js                7.50 kB Γöé gzip:   2.17 kB
dist/assets/Reports-Dn3vf9W1.js                      7.79 kB Γöé gzip:   2.62 kB
dist/assets/PTFormPreviewContent-CnaJ88Y2.js         7.95 kB Γöé gzip:   1.84 kB
dist/assets/UserManagement-BL_AY1bJ.js               8.48 kB Γöé gzip:   2.39 kB
dist/assets/Users-Bm3kG3d2.js                        8.63 kB Γöé gzip:   2.10 kB
dist/assets/ExpiryMembers-CiyLhZTn.js                8.84 kB Γöé gzip:   2.43 kB
dist/assets/PlansPage-C4_NyIsE.js                    8.87 kB Γöé gzip:   2.45 kB
dist/assets/ProductDetails-DUuziQaw.js               8.87 kB Γöé gzip:   3.07 kB
dist/assets/OrderDetails-ConiAI4e.js                 9.16 kB Γöé gzip:   2.80 kB
dist/assets/TrainerPricing-CYWZPFEc.js               9.27 kB Γöé gzip:   2.59 kB
dist/assets/UpdateWeight-Cz2qGhn8.js                 9.38 kB Γöé gzip:   3.05 kB
dist/assets/Equipment-yMnAxC-s.js                    9.41 kB Γöé gzip:   2.91 kB
dist/assets/TrainerSendMessage-D3ykb54B.js           9.98 kB Γöé gzip:   2.96 kB
dist/assets/Review-DbHp_mWX.js                      10.07 kB Γöé gzip:   2.90 kB
dist/assets/SendMessage-BRfgAs78.js                 10.24 kB Γöé gzip:   3.03 kB
dist/assets/AddProducts-CNNmlIJ4.js                 10.30 kB Γöé gzip:   3.11 kB
dist/assets/Staffs-Pkh06FmX.js                      10.49 kB Γöé gzip:   2.53 kB
dist/assets/AllProducts-DteY1kmN.js                 11.56 kB Γöé gzip:   3.45 kB
dist/assets/Memberattendance-DbqHYxbz.js            12.40 kB Γöé gzip:   3.67 kB
dist/assets/Checkout-CRkOt3M1.js                    12.43 kB Γöé gzip:   4.33 kB
dist/assets/AddMembers-VEjyEu0J.js                  13.63 kB Γöé gzip:   3.18 kB
dist/assets/AllDietPlans-D49ezAEO.js                13.87 kB Γöé gzip:   3.69 kB
dist/assets/AllWorkouts-D9oNuXBX.js                 14.63 kB Γöé gzip:   3.82 kB
dist/assets/PTFormPrint-DRrqosYZ.js                 15.16 kB Γöé gzip:   3.70 kB
dist/assets/Billing-D2jL6tZN.js                     15.29 kB Γöé gzip:   4.20 kB
dist/assets/PlanHistory-C43rBh5u.js                 15.34 kB Γöé gzip:   3.95 kB
dist/assets/OverallAttendance-CEA-WD2o.js           15.86 kB Γöé gzip:   4.70 kB
dist/assets/MemberDetails-5h0DLdtP.js               18.07 kB Γöé gzip:   4.28 kB
dist/assets/TrainerAdminPanel-9PAUPbHY.js           19.61 kB Γöé gzip:   5.75 kB
dist/assets/AddWorkout-DLU1_eT6.js                  20.14 kB Γöé gzip:   6.07 kB
dist/assets/AssingnedTrainers-BU4c9yNt.js           20.19 kB Γöé gzip:   4.89 kB
dist/assets/firebase-BFLpaGI9.js                    20.82 kB Γöé gzip:   7.19 kB
dist/assets/purify.es-DC39J9G0.js                   20.90 kB Γöé gzip:   8.42 kB
dist/assets/AddStaff-CA82YD01.js                    21.10 kB Γöé gzip:   4.74 kB
dist/assets/All Orders-BO7nimn-.js                  21.71 kB Γöé gzip:   6.29 kB
dist/assets/AddDietPlans-CfXGqJSG.js                22.01 kB Γöé gzip:   6.46 kB
dist/assets/Payments-B0Q4Q7HZ.js                    22.07 kB Γöé gzip:   5.70 kB
dist/assets/OverallAttendance-dDyRUMne.js           22.25 kB Γöé gzip:   5.61 kB
dist/assets/BuyPlan-Di_OWH-3.js                     22.84 kB Γöé gzip:   6.46 kB
dist/assets/Offers-62eIJi5K.js                      24.01 kB Γöé gzip:   5.38 kB
dist/assets/Members-Bdlyln1G.js                     24.49 kB Γöé gzip:   6.23 kB
dist/assets/AdminPanel-BG93qbb6.js                  24.70 kB Γöé gzip:   7.03 kB
dist/assets/EMIList-7gXAhBRD.js                     28.25 kB Γöé gzip:   6.10 kB
dist/assets/Dashboard-CuIyGIiX.js                   29.30 kB Γöé gzip:   8.70 kB
dist/assets/PTForm-Bb9l4g0b.js                      36.38 kB Γöé gzip:   7.19 kB
dist/assets/Enquiry-ChADRBwv.js                     36.70 kB Γöé gzip:   7.29 kB
dist/assets/TrainerDashboard-DifpU9SQ.js            38.05 kB Γöé gzip:  10.40 kB
dist/assets/FollowupEnquiry-_Plzxexl.js             41.76 kB Γöé gzip:   8.46 kB
dist/assets/browser-image-compression-p5XftTLW.js   51.91 kB Γöé gzip:  19.90 kB
dist/assets/Account-Cuo5MZRP.js                     53.86 kB Γöé gzip:  12.60 kB
dist/assets/index.esm-y8x9m_xg.js                   74.23 kB Γöé gzip:  21.25 kB
dist/assets/index.es-CjaKYyeW.js                   151.20 kB Γöé gzip:  48.82 kB
dist/assets/html2canvas-CtiLco45.js                199.79 kB Γöé gzip:  46.80 kB
dist/assets/CommenWorkDiet-BfngIrPz.js             232.84 kB Γöé gzip:  71.82 kB
dist/assets/BarChart-DibN0xT9.js                   337.50 kB Γöé gzip:  99.87 kB
dist/assets/xlsx-CnZ_BZFJ.js                       421.55 kB Γöé gzip: 140.59 kB
dist/assets/jspdf.plugin.autotable-AvBO0xow.js     428.48 kB Γöé gzip: 138.43 kB
dist/assets/index-YV7zawVI.js                      732.78 kB Γöé gzip: 225.33 kB
[32mΓ£ô built in 2.43s[39m
node.exe : [33m[plugin builtin:reporter] 
At line:1 char:1
+ & "C:\Program Files\nodejs/node.exe" "C:\Program Files\nodejs/node_mo ...
+ ~~~~~~~~~~~~~~~~~~~~~~~~~~~~~~~~~~~~~~~~~~~~~~~~~~~~~~~~~~~~~~~~~~~~~
    + CategoryInfo          : NotSpecified: ([33m[plugin builtin:reporter] :S 
   tring) [], RemoteException
    + FullyQualifiedErrorId : NativeCommandError
 
(!) Some chunks are larger than 500 kB after minification. Consider:
- Using dynamic import() to code-split the application
- Use build.rollupOptions.output.manualChunks to improve chunking: 
https://rollupjs.org/configuration-options/#output-manualchunks
- Adjust chunk size limit for this warning via 
build.chunkSizeWarningLimit.[39m
